<?xml version="1.0" encoding="utf-8"?><testsuite errors="0" failures="0" name="pytest" skips="0" tests="26" time="0.389"><testcase classname="tests.unit.test_models" file="tests/unit/test_models.py" line="14" name="test_base_attributes[text_attr-bla bla bla]" time="0.000861883163452"/><testcase classname="tests.unit.test_models" file="tests/unit/test_models.py" line="14" name="test_base_attributes[number_attr-123]" time="0.000484943389893"/><testcase classname="tests.unit.test_models" file="tests/unit/test_models.py" line="14" name="test_base_attributes[empty_attr-]" time="0.00047492980957"/><testcase classname="tests.unit.test_models" file="tests/unit/test_models.py" line="28" name="test_base_false_flags[bla bla bla]" time="0.000555038452148"/><testcase classname="tests.unit.test_models" file="tests/unit/test_models.py" line="28" name="test_base_false_flags[123]" time="0.000458002090454"/><testcase classname="tests.unit.test_models" file="tests/unit/test_models.py" line="28" name="test_base_false_flags[False]" time="0.000427007675171"/><testcase classname="tests.unit.test_models" file="tests/unit/test_models.py" line="28" name="test_base_false_flags[false]" time="0.000572204589844"/><testcase classname="tests.unit.test_models" file="tests/unit/test_models.py" line="28" name="test_base_false_flags[FaLsE]" time="0.000438690185547"/><testcase classname="tests.unit.test_models" file="tests/unit/test_models.py" line="28" name="test_base_false_flags[None]" time="0.000423908233643"/><testcase classname="tests.unit.test_models" file="tests/unit/test_models.py" line="39" name="test_base_true_flags[0True]" time="0.000434875488281"/><testcase classname="tests.unit.test_models" file="tests/unit/test_models.py" line="39" name="test_base_true_flags[1True]" time="0.000433206558228"/><testcase classname="tests.unit.test_models" file="tests/unit/test_models.py" line="39" name="test_base_true_flags[2tRuE]" time="0.000432014465332"/><testcase classname="tests.unit.test_models" file="tests/unit/test_models.py" line="39" name="test_base_true_flags[3true]" time="0.00042986869812"/><testcase classname="tests.unit.test_models" file="tests/unit/test_models.py" line="39" name="test_base_true_flags[4TruE]" time="0.000432014465332"/><testcase classname="tests.unit.test_models" file="tests/unit/test_models.py" line="49" name="test_base_texts[bla]" time="0.000656127929688"/><testcase classname="tests.unit.test_models" file="tests/unit/test_models.py" line="49" name="test_base_texts[1123]" time="0.00045108795166"/><testcase classname="tests.unit.test_models" file="tests/unit/test_models.py" line="49" name="test_base_texts[bla&lt;span&gt;ble&lt;/span&gt;]" time="0.000491857528687"/><testcase classname="tests.unit.test_models" file="tests/unit/test_models.py" line="59" name="test_base_empty_texts[]" time="0.000478982925415"/><testcase classname="tests.unit.test_models" file="tests/unit/test_models.py" line="59" name="test_base_empty_texts[&lt;child&gt;&lt;/child&gt;]" time="0.000465154647827"/><testcase classname="tests.unit.test_models" file="tests/unit/test_models.py" line="59" name="test_base_empty_texts[&lt;child&gt;&lt;span&gt;1123&lt;/span&gt;&lt;/child&gt;]" time="0.000442028045654"/><testcase classname="tests.unit.test_models" file="tests/unit/test_models.py" line="70" name="test_title" time="0.000416040420532"/><testcase classname="tests.unit.test_models" file="tests/unit/test_models.py" line="80" name="test_category" time="0.000724792480469"/><testcase classname="tests.unit.test_models" file="tests/unit/test_models.py" line="95" name="test_tag" time="0.000516891479492"/><testcase classname="tests.unit.test_models" file="tests/unit/test_models.py" line="116" name="test_picture" time="0.000386238098145"/><testcase classname="tests.unit.test_models" file="tests/unit/test_models.py" line="122" name="test_episode" time="0.000689268112183"/><testcase classname="tests.unit.test_models" file="tests/unit/test_models.py" line="146" name="test_episode_titles" time="0.187105178833"/></testsuite>